---
source: crates/zenith/tests/screens.rs
expression: "screen(&draw(&script.app, 80, 24))"
---
                                   *   *                            ·
                                         •             ∙
       ∙        ·                                       *
         **        •               •       *
 •   ∙·                                                      ∙
  ·                                                         •
                                                                        ∙    *
                                                                   ·
∙                  ▄▄██  ██▄▄      ZENITH                               •
                 ▄█████  █████▄    The terminal of Constellation
             •  ▄██████████████▄   NIPS-CERN
                ████████████████   0.1.0


          •                    Connecting to SOLAR  ·

*
    ∙       ·  ·                                         ·
      ∙                                                ∙
                *                        ·     ∙            *         ·

                       •                                           •
       *            •          •
                                 *        *·   ∙
--- every cell not listed is @255 on @233
 0: 35-35  @247 on @233
 0: 39-39  @241 on @233
 0: 68-68  @241 on @233
 1: 41-41  @247 on @233
 1: 55-55  @241 on @233
 2:  7-7   @241 on @233
 2: 16-16  @241 on @233
 2: 56-56  @241 on @233
 3:  9-9   @247 on @233
 3: 10-10  @241 on @233
 3: 19-19  @241 on @233
 3: 35-35  @247 on @233
 3: 43-43  @241 on @233
 4:  1-1   @241 on @233
 4:  5-5   @241 on @233
 4:  6-6   @247 on @233
 4: 61-61  @247 on @233
 5:  2-2   @247 on @233
 5: 60-60  @247 on @233
 6: 72-72  @247 on @233
 6: 77-77  @247 on @233
 7: 67-67  @241 on @233
 8:  0-0   @241 on @233
 8: 16-31  @215 on @233
 8: 35-40  @215 on @233 bold
 8: 72-72  @247 on @233
 9: 16-31  @215 on @233
10: 13-13  @247 on @233
10: 16-31  @215 on @233
10: 35-43  @247 on @233
11: 16-31  @215 on @233
11: 35-39  @247 on @233
14: 10-10  @241 on @233
14: 31-49  @247 on @233
14: 52-52  @241 on @233
16:  0-0   @247 on @233
17:  4-4   @241 on @233
17: 12-12  @241 on @233
17: 15-15  @241 on @233
17: 57-57  @241 on @233
18:  6-6   @241 on @233
18: 55-55  @241 on @233
19: 16-16  @247 on @233
19: 41-41  @241 on @233
19: 47-47  @241 on @233
19: 60-60  @241 on @233
19: 70-70  @241 on @233
21: 23-23  @241 on @233
21: 67-67  @241 on @233
22:  7-7   @241 on @233
22: 20-20  @241 on @233
22: 31-31  @241 on @233
23: 33-33  @241 on @233
23: 42-42  @247 on @233
23: 43-43  @241 on @233
23: 47-47  @241 on @233
