---
source: crates/zenith/tests/screens.rs
expression: "screen(&draw(&script.app, width, height))"
---
 ZENITH   1 Session  2 APIs  3 Log  4 History                ·     ·                        ••      ·        ∙  ·                                        ? keys

































 ┌─────────────────────────────────────────────────────────────────── 1 of 13 ┐
 │› /list                               every API SOLAR answers to            │
 │  /describe <api>                     one API: parameters, errors, side ef… │
 │  /call <api> [json]                  any call, with its parameters as JSO… │
 │  /ping [message]                     the round trip, and SOLAR's own time  │
 │  /version                            the versions of SOLAR, its protocol … │
 │  /theme [night|light|high-contrast]  the colours; with no name, the next … │
 │  /help [command]                     the commands, or one of them          │
 │  /quit                               leave ZENITH                          │PIs.
 └ Tab inserts  ↑ ↓ choose  Esc closes ───────────────────────────────────────┘y.
┌──────────────────────────────────────────────────────────────────────────────────────────────────────────────────────────────────────────────────────────────┐
│ › /                                                                                                                                                          │
└──────────────────────────────────────────────────────────────────────────────────────────────────────────────────────────────────────────────────────────────┘
 ──●── SOLAR 0.1.0 · solar/1 ─── last call 1.84 ms ─── in orbit 42s ───────────────────────────────────────────────────────────────────────────────────────────
--- every cell not listed is #F5F1E8 on #0B0C14
 0:  0-7   #FFC23D on #0B0C14 bold
 0: 10-18  #FFC23D on #0B0C14 bold underlined
 0: 21-26  #9C9A97 on #0B0C14
 0: 29-33  #9C9A97 on #0B0C14
 0: 36-44  #9C9A97 on #0B0C14
 0: 45-152 #646365 on #0B0C14
 0:153-153 #FFC23D on #0B0C14 bold
 0:154-159 #9C9A97 on #0B0C14
34:  1-68  #646365 on #0B0C14
34: 69-77  #9C9A97 on #0B0C14
34: 78-78  #646365 on #0B0C14
35:  1-1   #646365 on #0B0C14
35:  2-37  #FFC23D on #0B0C14
35: 38-39  #F5F1E8 on #2C2C32
35: 40-65  #9C9A97 on #0B0C14
35: 78-78  #646365 on #0B0C14
36:  1-1   #646365 on #0B0C14
36:  2-37  #FFC23D on #0B0C14
36: 40-76  #9C9A97 on #0B0C14
36: 78-78  #646365 on #0B0C14
37:  1-1   #646365 on #0B0C14
37:  2-37  #FFC23D on #0B0C14
37: 40-76  #9C9A97 on #0B0C14
37: 78-78  #646365 on #0B0C14
38:  1-1   #646365 on #0B0C14
38:  2-37  #FFC23D on #0B0C14
38: 40-75  #9C9A97 on #0B0C14
38: 78-78  #646365 on #0B0C14
39:  1-1   #646365 on #0B0C14
39:  2-37  #FFC23D on #0B0C14
39: 40-76  #9C9A97 on #0B0C14
39: 78-78  #646365 on #0B0C14
40:  1-1   #646365 on #0B0C14
40:  2-37  #FFC23D on #0B0C14
40: 40-76  #9C9A97 on #0B0C14
40: 78-78  #646365 on #0B0C14
41:  1-1   #646365 on #0B0C14
41:  2-37  #FFC23D on #0B0C14
41: 40-67  #9C9A97 on #0B0C14
41: 78-78  #646365 on #0B0C14
42:  1-1   #646365 on #0B0C14
42:  2-37  #FFC23D on #0B0C14
42: 40-51  #9C9A97 on #0B0C14
42: 78-78  #646365 on #0B0C14
43:  1-1   #646365 on #0B0C14
43:  2-5   #FFC23D on #0B0C14 bold
43:  6-15  #9C9A97 on #0B0C14
43: 16-18  #FFC23D on #0B0C14 bold
43: 19-27  #9C9A97 on #0B0C14
43: 28-30  #FFC23D on #0B0C14 bold
43: 31-38  #9C9A97 on #0B0C14
43: 39-78  #646365 on #0B0C14
44:  0-159 #646365 on #0B0C14
45:  0-0   #646365 on #0B0C14
45:  1-3   #FFC23D on #0B0C14
45:159-159 #646365 on #0B0C14
46:  0-159 #646365 on #0B0C14
47:  0-2   #646365 on #0B0C14
47:  3-3   #FFC23D on #0B0C14
47:  4-6   #646365 on #0B0C14
47:  7-17  #FFC23D on #0B0C14 bold
47: 18-20  #9C9A97 on #0B0C14
47: 28-32  #646365 on #0B0C14
47: 33-42  #9C9A97 on #0B0C14
47: 50-54  #646365 on #0B0C14
47: 55-63  #9C9A97 on #0B0C14
47: 67-159 #646365 on #0B0C14
