---
source: crates/zenith/tests/screens.rs
expression: "screen(&draw(&script.app, width, height))"
---
                                   *   *                            ·                                                    •             ∙
       ∙        ·                                       *                                **        •               •       *
 •   ∙·                                                      ∙                    ·                                                         •
                     ∙                   ·              *               ∙    *                  ∙                   ·                              ·
∙                                                                       •                                          ·
             •             *         *         •                                                             ∙
                   ∙                               ∙                                                            ·
          •                                  ·      ·                                                                               *            ∙
*                                   ∙ ∙                    *     ·                  ∙       ·  ·                                         ·
      ∙                                                ∙                                        *                        ·     ∙            *         ·
                                                                                                       •                                           •
       *            •          •                                                                                 *        *·   ∙
                  ∙      •                                                                                         •                                    •
                                                    •   ∙                      •                                      ∙ •                                    ·
    ·   ∙                        •   *                                 •                          ·                                     ∙
     •                               ·                   •                                       •  ∙                           •                    •
  ·                          ·∙                                                                        •                                         •    •
                                                                                  *                        ·                        *
                 ∙
                    ∙    *             ·
              *                              •             ▄▄██  ██▄▄      ZENITH                               ∙
                                                         ▄█████  █████▄    The terminal of Constellation                                    ·
                       *                •               ▄██████████████▄   NIPS-CERN                                                                   *•
                             •                          ████████████████   0.1.0
                                  ∙                                                                           ·
        ·  *                                 · ·                                                                         ·                ·          *
                                     ·                                 Connecting to SOLAR
                                                                                                                                                 *
                   ∙                                                                                                                *
                                                                                                                      ∙
                   ·                          ·                       •   •                                                          •         •         ·  ∙
                                  •     ·  ·              *                        ∙                        ·              •
                 *                                      ∙   •                                       ∙                                ·                       *
                                                                    ·                            ·                    •      ∙            ·          •
                                        ∙ •               ·            •                                             ∙          ·
                     •                    •                            •                                                           ∙
                                               ∙·                      ∙                                                           *                       •
                        · ·                                          •                                       •               • *             *
        ·                        •            •                •                                                                               •
                                                                         ∙                                        ·                                           ·
                                           *                                                                                    ∙
      •                                                                              •
                  *                                                  ∙                      ∙                 *
         •                                                         ·                            *                •    ·
                                                                •                                                            ∙                     *
                       ∙                        •     •                ∙               *                            *  ·
                                                    *                                   •
      *             •                                                                            ·                                            ∙      *
--- every cell not listed is #F5F1E8 on #0B0C14
20: 56-71  #FFC23D on #0B0C14
20: 75-80  #FFC23D on #0B0C14 bold
21: 56-71  #FFC23D on #0B0C14
22: 56-71  #FFC23D on #0B0C14
23: 56-71  #FFC23D on #0B0C14
