---
source: crates/zenith/tests/screens.rs
expression: "screen(&draw(&script.app, width, height))"
---
                                   *   *                            ·                                                    •             ∙
       ∙        ·                                       *                                **        •               •       *
 •   ∙·                                                      ∙                    ·                                                         •
                     ∙                   ·              *               ∙    *                  ∙                   ·                              ·
∙                                                                       •                                          ·
             •             *         *         •                                                             ∙
                   ∙                               ∙                                                            ·
          •                                  ·      ·                                                                               *            ∙
*                                   ∙ ∙                    *     ·                  ∙       ·  ·                                         ·
      ∙                                                ∙                                        *                        ·     ∙            *         ·
                                                                                                       •                                           •
       *            •          •                                                                                 *        *·   ∙
                  ∙      •                                                                                         •                                    •
                                                    •                                                                 ∙ •                                    ·
    ·   ∙                        •   *                                                                                                  ∙
     •                               ·                     ▄▄██  ██▄▄      ZENITH                                               •                    •
  ·                          ·∙                          ▄█████  █████▄    The terminal of Constellation                                         •    •
                                                        ▄██████████████▄   NIPS-CERN                       ·                        *
                 ∙                                      ████████████████   0.2.0
                    ∙    *             ·
              *                              •                                                                  ∙
                                                                     Not connected to SOLAR    *    *                                       ·
                       *                •                                                                                                              *•
                             •            ┌──────────────────────────────────────────────────────────────────────────┐
                                  ∙       │ ZENITH could not find solar on the PATH, which has 23 directories.       │
        ·  *                              │ Put the folder that holds solar on the PATH, SOLAR's target/release when │   ·                ·          *
                                     ·    │ it was built from source, or give the path with --solar <path> or the    │
                                          │ variable ZENITH_SOLAR.                                                   │                           *
                   ∙                      │                                                                          │              *
                                          │ r try again   Enter go to the tabs   q quit                              │
                   ·                      └──────────────────────────────────────────────────────────────────────────┘               •         •         ·  ∙
                                  •     ·                                                                                  •
                 *                                      ∙   •                                       ∙                                ·                       *
                                                                    ·                            ·                    •      ∙            ·          •
                                        ∙ •               ·            •                                             ∙          ·
                     •                    •                            •                                                           ∙
                                               ∙·                      ∙                                                           *                       •
                        · ·                                          •                                       •               • *             *
        ·                        •            •                •                                                                               •
                                                                         ∙                                        ·                                           ·
                                           *                                                                                    ∙
      •                                                                              •
                  *                                                  ∙                      ∙                 *
         •                                                         ·                            *                •    ·
                                                                •                                                            ∙                     *
                       ∙                        •     •                ∙               *                            *  ·
                                                    *                                   •
      *             •                                                                            ·                                            ∙      *
--- every cell not listed is #F5F1E8 on #0B0C14
15: 56-71  #FFC23D on #0B0C14
15: 75-80  #FFC23D on #0B0C14 bold
16: 56-71  #FFC23D on #0B0C14
17: 56-71  #FFC23D on #0B0C14
18: 56-71  #FFC23D on #0B0C14
21: 69-90  #FFC23D on #0B0C14 bold
24: 44-109 #FFC23D on #0B0C14 bold
29: 44-44  #FFC23D on #0B0C14 bold
29: 58-62  #FFC23D on #0B0C14 bold
29: 81-81  #FFC23D on #0B0C14 bold
