---
source: crates/zenith/tests/screens.rs
expression: "screen(&draw(&script.app, 100, 30))"
---
                                   *   *                            ·
                     •             ∙                               ∙        ·
                *                                **        •               •       *
                     •   ∙·                                                      ∙
  ·                                                         •
 ∙                   ·              *               ∙    *                  ∙                   ·
                           ·            ∙
            •                                          ·
             •             *         *         •
         ∙                                                                     ∙
           ∙
                             ▄▄██  ██▄▄      ZENITH
                           ▄█████  █████▄    The terminal of Constellation      *
                ∙ ∙       ▄██████████████▄   NIPS-CERN
                 ·        ████████████████   0.1.0                                             ∙
                                                                                *         ·

   •                                     Connecting to SOLAR       *            •          •


                                   •                                    •
                                •   ∙                      •                                      ∙
•                                    ·      ·   ∙                        •   *
           •                          ·                                     ∙
     •                               ·                   •                                       •
∙                           •                    •            ·                          ·∙
                                                               •
     •    •
  *                        ·                        *                                            ∙
                                                      ·
--- every cell not listed is #F5F1E8 on #0B0C14
11: 26-41  #FFC23D on #0B0C14
11: 45-50  #FFC23D on #0B0C14 bold
12: 26-41  #FFC23D on #0B0C14
13: 26-41  #FFC23D on #0B0C14
14: 26-41  #FFC23D on #0B0C14
