---
source: crates/zenith/tests/screens.rs
expression: "screen(&draw(&script.app, 100, 30))"
---
 ZENITH   1 Session  2 APIs  3 Log  4 History                ·     ·                         ? keys
 › /ping hello
    ok   pong in 0.64 ms · 0.08 ms in SOLAR · echo hello · solar.ping 1.0.0 · #4
 › /call system.info
    ok   system.info 1.2.0 · 0.63 ms · 0.28 ms in SOLAR · #5
   abandoned_workers    0
   arch                 x86_64
   cpu_count            16
   current_dir          C:\Users\lab\Documents\GitHub\zenith\crates\zenith
   executable           C:\Users\lab\AppData\Local\Temp\zenith\solar\534933ab81d6ae16\solar.exe
   os                   windows
   os_build             "26200"
   os_family            windows
   os_name              Windows
   os_release           10.0.26200
   path_list_separator  ;
   path_separator       \
   pointer_width        64
   temp_dir             C:\Users\lab\AppData\Local\Temp\
 › /describe solar.pign
    error   NOT_FOUND · API_NOT_FOUND · solar.describe · 2.13 ms · #6
   No API is registered under the name solar.pign.
   /api    expected  solar.ping
           received  solar.pign
           hint      Did you mean "solar.ping"? The edit distance is 2.
           docs      docs/ERRORS.md#not_found
┌──────────────────────────────────────────────────────────────────────────────────────────────────┐
│ › Type / for the commands, or ? for every key.                                                   │
└──────────────────────────────────────────────────────────────────────────────────────────────────┘
 ──●── SOLAR 0.2.0 · solar/1 ─── last call 2.13 ms ─── in orbit 3s ────────────────────────────────
--- every cell not listed is #F5F1E8 on #0B0C14
 0:  0-7   #FFC23D on #0B0C14 bold
 0: 10-18  #FFC23D on #0B0C14 bold underlined
 0: 21-26  #9C9A97 on #0B0C14
 0: 29-33  #9C9A97 on #0B0C14
 0: 36-44  #9C9A97 on #0B0C14
 0: 45-92  #646365 on #0B0C14
 0: 93-93  #FFC23D on #0B0C14 bold
 0: 94-99  #9C9A97 on #0B0C14
 1:  0-13  #FFC23D on #0B0C14
 2:  3-6   #FFC23D on #0B0C14 bold reversed
 2:  9-12  #FFC23D on #0B0C14 bold
 2: 24-50  #9C9A97 on #0B0C14
 2: 56-79  #9C9A97 on #0B0C14
 3:  0-19  #FFC23D on #0B0C14
 4:  3-6   #FFC23D on #0B0C14 bold reversed
 4:  9-19  #FFC23D on #0B0C14
 4: 20-25  #9C9A97 on #0B0C14
 4: 36-59  #9C9A97 on #0B0C14
 5:  3-21  #FFC23D on #0B0C14
 5: 24-24  #F5F1E8 on #0B0C14 bold
 6:  3-21  #FFC23D on #0B0C14
 7:  3-21  #FFC23D on #0B0C14
 7: 24-25  #F5F1E8 on #0B0C14 bold
 8:  3-21  #FFC23D on #0B0C14
 9:  3-21  #FFC23D on #0B0C14
10:  3-21  #FFC23D on #0B0C14
11:  3-21  #FFC23D on #0B0C14
12:  3-21  #FFC23D on #0B0C14
13:  3-21  #FFC23D on #0B0C14
14:  3-21  #FFC23D on #0B0C14
15:  3-21  #FFC23D on #0B0C14
16:  3-21  #FFC23D on #0B0C14
17:  3-21  #FFC23D on #0B0C14
17: 24-25  #F5F1E8 on #0B0C14 bold
18:  3-21  #FFC23D on #0B0C14
19:  0-22  #FFC23D on #0B0C14
20:  3-9   #D98E1F on #0B0C14 bold reversed
20: 12-20  #D98E1F on #0B0C14 bold
20: 21-23  #9C9A97 on #0B0C14
20: 24-36  #D98E1F on #0B0C14 bold
20: 37-53  #FFC23D on #0B0C14
20: 64-68  #9C9A97 on #0B0C14
22:  3-8   #FFC23D on #0B0C14
22: 11-18  #9C9A97 on #0B0C14
23: 11-18  #9C9A97 on #0B0C14
24: 11-18  #9C9A97 on #0B0C14
25: 11-18  #9C9A97 on #0B0C14
25: 21-44  #9C9A97 on #0B0C14
26:  0-99  #646365 on #0B0C14
27:  0-0   #646365 on #0B0C14
27:  1-3   #FFC23D on #0B0C14
27:  4-47  #9C9A97 on #0B0C14
27: 99-99  #646365 on #0B0C14
28:  0-99  #646365 on #0B0C14
29:  0-2   #646365 on #0B0C14
29:  3-3   #FFC23D on #0B0C14
29:  4-6   #646365 on #0B0C14
29:  7-17  #FFC23D on #0B0C14 bold
29: 18-20  #9C9A97 on #0B0C14
29: 28-32  #646365 on #0B0C14
29: 33-42  #9C9A97 on #0B0C14
29: 50-54  #646365 on #0B0C14
29: 55-63  #9C9A97 on #0B0C14
29: 66-99  #646365 on #0B0C14
